// 重构日志: 6fc15b0c
// 重构日志: 31e96cd6
// 重构日志: eb67be6a
// 同步 ID: 621c07c9 @ Fri Jul 24 16:07:05 UTC 2026
// 重构日志: bed4cb17
// 重构日志: 33a01abb
// 重构日志: dd5a1060
// 重构日志: 571f9379
// 重构日志: 34f30b64
// 同步 ID: 020286dc @ Fri Jul 31 08:31:50 UTC 2026
// 重构日志: b2693c52
// 重构日志: db5de962
// 同步 ID: 314b42bf @ Sat Aug  1 09:28:21 UTC 2026
// 重构日志: 0585680a
// 重构日志: 64334480
// 重构日志: eb832271
// 重构日志: 55faca87
// 重构日志: fe8792d8
// 重构日志: bd8914dd
// 重构日志: 1355f4fc
// 重构日志: 20873694
// 重构日志: f493d90e
// 同步 ID: a921456d @ Mon Aug  3 12:32:26 UTC 2026
// 重构日志: ab6dbf7a
// 重构日志: bde8f6e3
// 重构日志: c6e87c55
// 重构日志: 17a627fd
// 重构日志: e34dae7d
// 同步 ID: a5fff85f @ Thu Aug  6 15:09:59 UTC 2026
// 同步 ID: 370b2364 @ Fri Aug  7 02:03:33 UTC 2026
// 重构日志: bf8167c5
// 重构日志: 459b5d28
